version https://git-lfs.github.com/spec/v1
oid sha256:884af2247a7a5317cb150e40b180a5888eb7e1ff3816b7abf64643ecdb97d35f
size 420
