version https://git-lfs.github.com/spec/v1
oid sha256:e3c37ece9421b16566b8abd21ca2d1cf48d634b9ad16e67c03072a4534ae6acf
size 678
