version https://git-lfs.github.com/spec/v1
oid sha256:4e3791a99ee65be2a54718f825fcaf52ec35e56ee66c7deeb870d7c76f672ef5
size 289
