version https://git-lfs.github.com/spec/v1
oid sha256:8c8bd13e71dd9acfec9be210e32a5be672de89929d15455d1fd4bbfd9708a8fb
size 260
