version https://git-lfs.github.com/spec/v1
oid sha256:355e087eac4b9457920a14d6a449cea0189acf7637fec03e1e5d50f78a3b6b69
size 178
