version https://git-lfs.github.com/spec/v1
oid sha256:f81e7919ea1a6f5172ed3213368d9a3ae7f1947600f85a9dbe5122db9becb28c
size 52
