version https://git-lfs.github.com/spec/v1
oid sha256:8a2ab5f2a86f02e07981762a5bf046ca1892a1d09c6963c2514c874389a33063
size 47
