version https://git-lfs.github.com/spec/v1
oid sha256:d7e37f52f04ccf82d0a3d9c503bb1e0d2604e125c5a09f4af8ec13a63a0ad3df
size 53
