version https://git-lfs.github.com/spec/v1
oid sha256:f1a07d7d30eb2e62a4ec0de871b4813a027144d8172bd4b415e94d6408ab9d4c
size 18
