version https://git-lfs.github.com/spec/v1
oid sha256:4f9ec4200ef77f97815fc37156bab94a451f3a8255a4e9bf4e24255db6d84d1e
size 174
