version https://git-lfs.github.com/spec/v1
oid sha256:940c03e4ba7631593660d472d7c6afc2095c686eea3d65974166e1b4327aa8b9
size 12
