version https://git-lfs.github.com/spec/v1
oid sha256:964a56b303c57e5f466aea706c95f21ede5279e0df0efd99a8476ded531f686b
size 733
