version https://git-lfs.github.com/spec/v1
oid sha256:5f60f34596b6fee910bf2ad479a02c177a074b95dabfc3c71c0b172326193d7f
size 118
