version https://git-lfs.github.com/spec/v1
oid sha256:1e4afc19f1a198a5c7bf7ff8e8b3df12d0a42825f7427d726bef95e6179b1cec
size 212147
