version https://git-lfs.github.com/spec/v1
oid sha256:16afb0c78e1f017eb918621040d5cb58d0d4f9764c7aba06cf3f8f8b6904b935
size 2410
